  [CELL tgt] 75% 协议: train1068 + val600 = 1668 (约 75%)
task=TMI->CELL  classes=['AMD', 'DME', 'NORMAL']
  test acc=0.5914 | auc=0.7886 | recall=0.5914 | precision=0.6148 | f1=0.5692 | bacc=0.5914 | specificity=0.7957 | kappa=0.3871 | gmean=0.5399 | mcc=0.4098 | time=3.4s
  per-class recall: AMD:0.8333 | DME:0.2903 | NORMAL:0.6505
  [CAN] epoch 1/20 tgt_acc=0.5914 tgt_auc=0.7886
  test acc=0.7330 | auc=0.8956 | recall=0.7330 | precision=0.7395 | f1=0.7257 | bacc=0.7330 | specificity=0.8665 | kappa=0.5995 | gmean=0.7177 | mcc=0.6072 | time=3.3s
  per-class recall: AMD:0.8387 | DME:0.5323 | NORMAL:0.8280
  [CAN] epoch 2/20 tgt_acc=0.7330 tgt_auc=0.8956
  test acc=0.7581 | auc=0.9105 | recall=0.7581 | precision=0.7717 | f1=0.7510 | bacc=0.7581 | specificity=0.8790 | kappa=0.6371 | gmean=0.7408 | mcc=0.6482 | time=3.3s
  per-class recall: AMD:0.8441 | DME:0.5430 | NORMAL:0.8871
  [CAN] epoch 3/20 tgt_acc=0.7581 tgt_auc=0.9105
  test acc=0.7814 | auc=0.9348 | recall=0.7814 | precision=0.8000 | f1=0.7720 | bacc=0.7814 | specificity=0.8907 | kappa=0.6720 | gmean=0.7607 | mcc=0.6854 | time=3.3s
  per-class recall: AMD:0.9140 | DME:0.5430 | NORMAL:0.8871
  [CAN] epoch 4/20 tgt_acc=0.7814 tgt_auc=0.9348
  test acc=0.7760 | auc=0.9230 | recall=0.7760 | precision=0.7919 | f1=0.7676 | bacc=0.7760 | specificity=0.8880 | kappa=0.6640 | gmean=0.7572 | mcc=0.6759 | time=3.3s
  per-class recall: AMD:0.8978 | DME:0.5484 | NORMAL:0.8817
  [CAN] epoch 5/20 tgt_acc=0.7760 tgt_auc=0.9230
  test acc=0.7796 | auc=0.9247 | recall=0.7796 | precision=0.7971 | f1=0.7725 | bacc=0.7796 | specificity=0.8898 | kappa=0.6694 | gmean=0.7621 | mcc=0.6815 | time=3.3s
  per-class recall: AMD:0.8871 | DME:0.5591 | NORMAL:0.8925
  [CAN] epoch 6/20 tgt_acc=0.7796 tgt_auc=0.9247
  test acc=0.7903 | auc=0.9251 | recall=0.7903 | precision=0.7974 | f1=0.7864 | bacc=0.7903 | specificity=0.8952 | kappa=0.6855 | gmean=0.7801 | mcc=0.6917 | time=3.3s
  per-class recall: AMD:0.8871 | DME:0.6183 | NORMAL:0.8656
  [CAN] epoch 7/20 tgt_acc=0.7903 tgt_auc=0.9251
  test acc=0.7832 | auc=0.9313 | recall=0.7832 | precision=0.7906 | f1=0.7783 | bacc=0.7832 | specificity=0.8916 | kappa=0.6747 | gmean=0.7717 | mcc=0.6817 | time=3.3s
  per-class recall: AMD:0.8763 | DME:0.6022 | NORMAL:0.8710
  [CAN] epoch 8/20 tgt_acc=0.7832 tgt_auc=0.9313
  test acc=0.7885 | auc=0.9328 | recall=0.7885 | precision=0.8084 | f1=0.7808 | bacc=0.7885 | specificity=0.8943 | kappa=0.6828 | gmean=0.7688 | mcc=0.6969 | time=3.3s
  per-class recall: AMD:0.8925 | DME:0.5538 | NORMAL:0.9194
  [CAN] epoch 9/20 tgt_acc=0.7885 tgt_auc=0.9328
  test acc=0.8029 | auc=0.9338 | recall=0.8029 | precision=0.8106 | f1=0.7990 | bacc=0.8029 | specificity=0.9014 | kappa=0.7043 | gmean=0.7926 | mcc=0.7109 | time=3.3s
  per-class recall: AMD:0.8925 | DME:0.6290 | NORMAL:0.8871
  [CAN] epoch 10/20 tgt_acc=0.8029 tgt_auc=0.9338
  test acc=0.8029 | auc=0.9375 | recall=0.8029 | precision=0.8182 | f1=0.7964 | bacc=0.8029 | specificity=0.9014 | kappa=0.7043 | gmean=0.7874 | mcc=0.7154 | time=3.3s
  per-class recall: AMD:0.9032 | DME:0.5914 | NORMAL:0.9140
  [CAN] epoch 11/20 tgt_acc=0.8029 tgt_auc=0.9375
  test acc=0.8118 | auc=0.9389 | recall=0.8118 | precision=0.8201 | f1=0.8083 | bacc=0.8118 | specificity=0.9059 | kappa=0.7177 | gmean=0.8025 | mcc=0.7245 | time=3.3s
  per-class recall: AMD:0.8763 | DME:0.6452 | NORMAL:0.9140
  [CAN] epoch 12/20 tgt_acc=0.8118 tgt_auc=0.9389
  test acc=0.7975 | auc=0.9332 | recall=0.7975 | precision=0.8125 | f1=0.7916 | bacc=0.7975 | specificity=0.8987 | kappa=0.6962 | gmean=0.7827 | mcc=0.7070 | time=3.3s
  per-class recall: AMD:0.8925 | DME:0.5914 | NORMAL:0.9086
  [CAN] epoch 13/20 tgt_acc=0.7975 tgt_auc=0.9332
  test acc=0.7921 | auc=0.9302 | recall=0.7921 | precision=0.7975 | f1=0.7884 | bacc=0.7921 | specificity=0.8961 | kappa=0.6882 | gmean=0.7830 | mcc=0.6935 | time=3.3s
  per-class recall: AMD:0.8817 | DME:0.6290 | NORMAL:0.8656
  [CAN] epoch 14/20 tgt_acc=0.7921 tgt_auc=0.9302
  test acc=0.7993 | auc=0.9366 | recall=0.7993 | precision=0.8079 | f1=0.7958 | bacc=0.7993 | specificity=0.8996 | kappa=0.6989 | gmean=0.7893 | mcc=0.7060 | time=3.3s
  per-class recall: AMD:0.8602 | DME:0.6290 | NORMAL:0.9086
  [CAN] epoch 15/20 tgt_acc=0.7993 tgt_auc=0.9366
  test acc=0.8047 | auc=0.9358 | recall=0.8047 | precision=0.8078 | f1=0.8022 | bacc=0.8047 | specificity=0.9023 | kappa=0.7070 | gmean=0.7983 | mcc=0.7105 | time=3.3s
  per-class recall: AMD:0.8817 | DME:0.6667 | NORMAL:0.8656
  [CAN] epoch 16/20 tgt_acc=0.8047 tgt_auc=0.9358
  test acc=0.8065 | auc=0.9361 | recall=0.8065 | precision=0.8123 | f1=0.8042 | bacc=0.8065 | specificity=0.9032 | kappa=0.7097 | gmean=0.7994 | mcc=0.7144 | time=3.3s
  per-class recall: AMD:0.8710 | DME:0.6613 | NORMAL:0.8871
  [CAN] epoch 17/20 tgt_acc=0.8065 tgt_auc=0.9361
  test acc=0.8065 | auc=0.9334 | recall=0.8065 | precision=0.8134 | f1=0.8045 | bacc=0.8065 | specificity=0.9032 | kappa=0.7097 | gmean=0.7994 | mcc=0.7147 | time=3.3s
  per-class recall: AMD:0.8710 | DME:0.6613 | NORMAL:0.8871
  [CAN] epoch 18/20 tgt_acc=0.8065 tgt_auc=0.9334
  test acc=0.7993 | auc=0.9317 | recall=0.7993 | precision=0.8055 | f1=0.7959 | bacc=0.7993 | specificity=0.8996 | kappa=0.6989 | gmean=0.7901 | mcc=0.7047 | time=3.3s
  per-class recall: AMD:0.8763 | DME:0.6344 | NORMAL:0.8871
  [CAN] epoch 19/20 tgt_acc=0.7993 tgt_auc=0.9317
  test acc=0.7957 | auc=0.9365 | recall=0.7957 | precision=0.8018 | f1=0.7908 | bacc=0.7957 | specificity=0.8978 | kappa=0.6935 | gmean=0.7842 | mcc=0.7001 | time=3.3s
  per-class recall: AMD:0.8978 | DME:0.6129 | NORMAL:0.8763
  [CAN] epoch 20/20 tgt_acc=0.7957 tgt_auc=0.9365
