  [CELL tgt] 75% 协议: train1068 + val600 = 1668 (约 75%)
task=TMI->CELL  classes=['AMD', 'DME', 'NORMAL']
  [EM-DDA] OCT-DDA 官方：vgg16_bn.features(25088) + BN/LeakyReLU/Dropout 判别器 + EM
  [EM-DDA] step 1: 源域预训练 (vgg16_bn, 15 epochs, SGD 0.001 + val early-stop)
  [EM-DDA] step1 source epoch 1/15 loss=0.0545 val_acc=0.9405
  [EM-DDA] step1 source epoch 2/15 loss=0.0012 val_acc=0.9405
  [EM-DDA] step1 source epoch 3/15 loss=0.3764 val_acc=0.9524
  [EM-DDA] step1 source epoch 4/15 loss=0.0010 val_acc=0.9524
  [EM-DDA] step1 source epoch 5/15 loss=0.5546 val_acc=0.9534
  [EM-DDA] step1 source epoch 6/15 loss=0.0064 val_acc=0.9544
  [EM-DDA] step1 source epoch 7/15 loss=0.0009 val_acc=0.9544
  [EM-DDA] step1 source epoch 8/15 loss=0.0000 val_acc=0.9544
  [EM-DDA] step1 source epoch 9/15 loss=0.0003 val_acc=0.9663
  [EM-DDA] step1 source epoch 10/15 loss=0.0788 val_acc=0.9673
  [EM-DDA] step1 source epoch 11/15 loss=0.0000 val_acc=0.9673
  [EM-DDA] step1 source epoch 12/15 loss=0.0000 val_acc=0.9673
  [EM-DDA] step1 source epoch 13/15 loss=0.0000 val_acc=0.9673
  [EM-DDA] step1 source epoch 14/15 loss=0.0003 val_acc=0.9693
  [EM-DDA] step1 source epoch 15/15 loss=0.0000 val_acc=0.9703
  [EM-DDA] best val acc on source = 0.9703
  test acc=0.9717 | auc=0.9987 | recall=0.9694 | precision=0.9776 | f1=0.9729 | bacc=0.9694 | specificity=0.9840 | kappa=0.9556 | gmean=0.9691 | mcc=0.9566 | time=7.4s
  per-class recall: AMD:0.9459 | DME:0.9624 | NORMAL:1.0000
  test acc=0.8029 | auc=0.9457 | recall=0.8029 | precision=0.8490 | f1=0.7950 | bacc=0.8029 | specificity=0.9014 | kappa=0.7043 | gmean=0.7754 | mcc=0.7295 | time=3.9s
  per-class recall: AMD:0.9247 | DME:0.5269 | NORMAL:0.9570
  [EM-DDA] BASELINE 对抗前: 源测试 acc=0.9717  目标测试 acc=0.8029  （若源已低→源域预训练问题；若源高目标低→看对抗后是否崩）
  [EM-DDA] step 2: 对抗对齐 + 熵最小化 (30 epochs, early-stop on tgt acc)
  test acc=0.8746 | auc=0.9596 | recall=0.8746 | precision=0.8935 | f1=0.8755 | bacc=0.8746 | specificity=0.9373 | kappa=0.8118 | gmean=0.8707 | mcc=0.8203 | time=3.9s
  per-class recall: AMD:0.8871 | DME:0.7688 | NORMAL:0.9677
  [EM-DDA] epoch 1/30 tgt_acc=0.8746 tgt_auc=0.9596 (adv=0.690 em=0.122) D_acc=0.869 | best=0.8746@ep1
  test acc=0.9122 | auc=0.9702 | recall=0.9122 | precision=0.9203 | f1=0.9127 | bacc=0.9122 | specificity=0.9561 | kappa=0.8683 | gmean=0.9107 | mcc=0.8718 | time=3.9s
  per-class recall: AMD:0.9247 | DME:0.8441 | NORMAL:0.9677
  [EM-DDA] epoch 2/30 tgt_acc=0.9122 tgt_auc=0.9702 (adv=0.769 em=0.118) D_acc=0.984 | best=0.9122@ep2
  test acc=0.9140 | auc=0.9732 | recall=0.9140 | precision=0.9206 | f1=0.9146 | bacc=0.9140 | specificity=0.9570 | kappa=0.8710 | gmean=0.9131 | mcc=0.8737 | time=3.9s
  per-class recall: AMD:0.9140 | DME:0.8656 | NORMAL:0.9624
  [EM-DDA] epoch 3/30 tgt_acc=0.9140 tgt_auc=0.9732 (adv=0.768 em=0.026) D_acc=0.995 | best=0.9140@ep3
  test acc=0.8835 | auc=0.9675 | recall=0.8835 | precision=0.9021 | f1=0.8838 | bacc=0.8835 | specificity=0.9418 | kappa=0.8253 | gmean=0.8788 | mcc=0.8339 | time=3.9s
  per-class recall: AMD:0.9086 | DME:0.7634 | NORMAL:0.9785
  [EM-DDA] epoch 4/30 tgt_acc=0.8835 tgt_auc=0.9675 (adv=0.741 em=0.001) D_acc=0.999 | best=0.9140@ep3
  test acc=0.8996 | auc=0.9731 | recall=0.8996 | precision=0.9098 | f1=0.9006 | bacc=0.8996 | specificity=0.9498 | kappa=0.8495 | gmean=0.8982 | mcc=0.8537 | time=3.8s
  per-class recall: AMD:0.8978 | DME:0.8387 | NORMAL:0.9624
  [EM-DDA] epoch 5/30 tgt_acc=0.8996 tgt_auc=0.9731 (adv=0.797 em=0.001) D_acc=0.997 | best=0.9140@ep3
  test acc=0.9086 | auc=0.9746 | recall=0.9086 | precision=0.9159 | f1=0.9087 | bacc=0.9086 | specificity=0.9543 | kappa=0.8629 | gmean=0.9067 | mcc=0.8663 | time=3.9s
  per-class recall: AMD:0.9355 | DME:0.8280 | NORMAL:0.9624
  [EM-DDA] epoch 6/30 tgt_acc=0.9086 tgt_auc=0.9746 (adv=0.811 em=0.001) D_acc=0.999 | best=0.9140@ep3
  test acc=0.9122 | auc=0.9759 | recall=0.9122 | precision=0.9219 | f1=0.9128 | bacc=0.9122 | specificity=0.9561 | kappa=0.8683 | gmean=0.9105 | mcc=0.8724 | time=3.9s
  per-class recall: AMD:0.9247 | DME:0.8387 | NORMAL:0.9731
  [EM-DDA] epoch 7/30 tgt_acc=0.9122 tgt_auc=0.9759 (adv=0.688 em=0.004) D_acc=0.999 | best=0.9140@ep3
  test acc=0.8907 | auc=0.9707 | recall=0.8907 | precision=0.9068 | f1=0.8909 | bacc=0.8907 | specificity=0.9453 | kappa=0.8360 | gmean=0.8867 | mcc=0.8435 | time=3.8s
  per-class recall: AMD:0.9140 | DME:0.7796 | NORMAL:0.9785
  [EM-DDA] epoch 8/30 tgt_acc=0.8907 tgt_auc=0.9707 (adv=0.718 em=0.118) D_acc=0.999 | best=0.9140@ep3
  test acc=0.8961 | auc=0.9703 | recall=0.8961 | precision=0.9082 | f1=0.8958 | bacc=0.8961 | specificity=0.9480 | kappa=0.8441 | gmean=0.8923 | mcc=0.8500 | time=3.9s
  per-class recall: AMD:0.9301 | DME:0.7849 | NORMAL:0.9731
  [EM-DDA] epoch 9/30 tgt_acc=0.8961 tgt_auc=0.9703 (adv=0.716 em=0.008) D_acc=1.000 | best=0.9140@ep3
  test acc=0.8996 | auc=0.9713 | recall=0.8996 | precision=0.9128 | f1=0.8998 | bacc=0.8996 | specificity=0.9498 | kappa=0.8495 | gmean=0.8963 | mcc=0.8556 | time=3.9s
  per-class recall: AMD:0.9247 | DME:0.7957 | NORMAL:0.9785
  [EM-DDA] epoch 10/30 tgt_acc=0.8996 tgt_auc=0.9713 (adv=0.737 em=0.006) D_acc=1.000 | best=0.9140@ep3
  test acc=0.8943 | auc=0.9688 | recall=0.8943 | precision=0.9081 | f1=0.8942 | bacc=0.8943 | specificity=0.9471 | kappa=0.8414 | gmean=0.8905 | mcc=0.8480 | time=3.9s
  per-class recall: AMD:0.9194 | DME:0.7849 | NORMAL:0.9785
  [EM-DDA] epoch 11/30 tgt_acc=0.8943 tgt_auc=0.9688 (adv=0.661 em=0.082) D_acc=1.000 | best=0.9140@ep3
  test acc=0.8853 | auc=0.9708 | recall=0.8853 | precision=0.8991 | f1=0.8857 | bacc=0.8853 | specificity=0.9427 | kappa=0.8280 | gmean=0.8822 | mcc=0.8342 | time=3.9s
  per-class recall: AMD:0.8978 | DME:0.7903 | NORMAL:0.9677
  [EM-DDA] epoch 12/30 tgt_acc=0.8853 tgt_auc=0.9708 (adv=0.730 em=0.175) D_acc=0.999 | best=0.9140@ep3
  test acc=0.8799 | auc=0.9662 | recall=0.8799 | precision=0.8974 | f1=0.8808 | bacc=0.8799 | specificity=0.9400 | kappa=0.8199 | gmean=0.8765 | mcc=0.8276 | time=3.8s
  per-class recall: AMD:0.8925 | DME:0.7796 | NORMAL:0.9677
  [EM-DDA] epoch 13/30 tgt_acc=0.8799 tgt_auc=0.9662 (adv=0.698 em=0.000) D_acc=0.999 | best=0.9140@ep3
  test acc=0.8602 | auc=0.9622 | recall=0.8602 | precision=0.8853 | f1=0.8609 | bacc=0.8602 | specificity=0.9301 | kappa=0.7903 | gmean=0.8541 | mcc=0.8018 | time=3.9s
  per-class recall: AMD:0.8871 | DME:0.7258 | NORMAL:0.9677
  [EM-DDA] epoch 14/30 tgt_acc=0.8602 tgt_auc=0.9622 (adv=0.724 em=0.001) D_acc=1.000 | best=0.9140@ep3
  test acc=0.8692 | auc=0.9682 | recall=0.8692 | precision=0.8900 | f1=0.8697 | bacc=0.8692 | specificity=0.9346 | kappa=0.8038 | gmean=0.8642 | mcc=0.8133 | time=3.9s
  per-class recall: AMD:0.8925 | DME:0.7473 | NORMAL:0.9677
  [EM-DDA] epoch 15/30 tgt_acc=0.8692 tgt_auc=0.9682 (adv=0.794 em=0.000) D_acc=1.000 | best=0.9140@ep3
  test acc=0.9194 | auc=0.9769 | recall=0.9194 | precision=0.9247 | f1=0.9193 | bacc=0.9194 | specificity=0.9597 | kappa=0.8790 | gmean=0.9178 | mcc=0.8816 | time=3.9s
  per-class recall: AMD:0.9516 | DME:0.8441 | NORMAL:0.9624
  [EM-DDA] epoch 16/30 tgt_acc=0.9194 tgt_auc=0.9769 (adv=0.712 em=0.151) D_acc=1.000 | best=0.9194@ep16
  test acc=0.9104 | auc=0.9765 | recall=0.9104 | precision=0.9183 | f1=0.9104 | bacc=0.9104 | specificity=0.9552 | kappa=0.8656 | gmean=0.9081 | mcc=0.8694 | time=3.9s
  per-class recall: AMD:0.9409 | DME:0.8226 | NORMAL:0.9677
  [EM-DDA] epoch 17/30 tgt_acc=0.9104 tgt_auc=0.9765 (adv=0.751 em=0.001) D_acc=1.000 | best=0.9194@ep16
  test acc=0.9086 | auc=0.9752 | recall=0.9086 | precision=0.9166 | f1=0.9085 | bacc=0.9086 | specificity=0.9543 | kappa=0.8629 | gmean=0.9062 | mcc=0.8668 | time=3.9s
  per-class recall: AMD:0.9409 | DME:0.8172 | NORMAL:0.9677
  [EM-DDA] epoch 18/30 tgt_acc=0.9086 tgt_auc=0.9752 (adv=0.662 em=0.005) D_acc=1.000 | best=0.9194@ep16
  test acc=0.9158 | auc=0.9764 | recall=0.9158 | precision=0.9224 | f1=0.9158 | bacc=0.9158 | specificity=0.9579 | kappa=0.8737 | gmean=0.9140 | mcc=0.8767 | time=3.8s
  per-class recall: AMD:0.9409 | DME:0.8387 | NORMAL:0.9677
  [EM-DDA] epoch 19/30 tgt_acc=0.9158 tgt_auc=0.9764 (adv=0.728 em=0.000) D_acc=1.000 | best=0.9194@ep16
  test acc=0.9194 | auc=0.9754 | recall=0.9194 | precision=0.9255 | f1=0.9195 | bacc=0.9194 | specificity=0.9597 | kappa=0.8790 | gmean=0.9179 | mcc=0.8818 | time=3.8s
  per-class recall: AMD:0.9409 | DME:0.8495 | NORMAL:0.9677
  [EM-DDA] epoch 20/30 tgt_acc=0.9194 tgt_auc=0.9754 (adv=0.792 em=0.111) D_acc=0.999 | best=0.9194@ep16
  test acc=0.9194 | auc=0.9765 | recall=0.9194 | precision=0.9253 | f1=0.9198 | bacc=0.9194 | specificity=0.9597 | kappa=0.8790 | gmean=0.9183 | mcc=0.8815 | time=3.8s
  per-class recall: AMD:0.9355 | DME:0.8602 | NORMAL:0.9624
  [EM-DDA] epoch 21/30 tgt_acc=0.9194 tgt_auc=0.9765 (adv=0.766 em=0.000) D_acc=1.000 | best=0.9194@ep16
  test acc=0.8871 | auc=0.9700 | recall=0.8871 | precision=0.9040 | f1=0.8870 | bacc=0.8871 | specificity=0.9435 | kappa=0.8306 | gmean=0.8823 | mcc=0.8387 | time=3.8s
  per-class recall: AMD:0.9194 | DME:0.7634 | NORMAL:0.9785
  [EM-DDA] epoch 22/30 tgt_acc=0.8871 tgt_auc=0.9700 (adv=0.812 em=0.003) D_acc=1.000 | best=0.9194@ep16
  test acc=0.8925 | auc=0.9672 | recall=0.8925 | precision=0.9107 | f1=0.8941 | bacc=0.8925 | specificity=0.9462 | kappa=0.8387 | gmean=0.8897 | mcc=0.8465 | time=3.9s
  per-class recall: AMD:0.8925 | DME:0.8065 | NORMAL:0.9785
  [EM-DDA] epoch 23/30 tgt_acc=0.8925 tgt_auc=0.9672 (adv=0.773 em=0.000) D_acc=1.000 | best=0.9194@ep16
  test acc=0.9068 | auc=0.9746 | recall=0.9068 | precision=0.9173 | f1=0.9077 | bacc=0.9068 | specificity=0.9534 | kappa=0.8602 | gmean=0.9053 | mcc=0.8646 | time=3.8s
  per-class recall: AMD:0.9032 | DME:0.8441 | NORMAL:0.9731
  [EM-DDA] epoch 24/30 tgt_acc=0.9068 tgt_auc=0.9746 (adv=0.589 em=0.001) D_acc=1.000 | best=0.9194@ep16
  test acc=0.8996 | auc=0.9734 | recall=0.8996 | precision=0.9113 | f1=0.9002 | bacc=0.8996 | specificity=0.9498 | kappa=0.8495 | gmean=0.8973 | mcc=0.8546 | time=3.8s
  per-class recall: AMD:0.9086 | DME:0.8172 | NORMAL:0.9731
  [EM-DDA] epoch 25/30 tgt_acc=0.8996 tgt_auc=0.9734 (adv=0.757 em=0.001) D_acc=1.000 | best=0.9194@ep16
  test acc=0.9086 | auc=0.9767 | recall=0.9086 | precision=0.9167 | f1=0.9090 | bacc=0.9086 | specificity=0.9543 | kappa=0.8629 | gmean=0.9070 | mcc=0.8665 | time=3.9s
  per-class recall: AMD:0.9194 | DME:0.8387 | NORMAL:0.9677
  [EM-DDA] epoch 26/30 tgt_acc=0.9086 tgt_auc=0.9767 (adv=0.743 em=0.001) D_acc=1.000 | best=0.9194@ep16
  test acc=0.9032 | auc=0.9722 | recall=0.9032 | precision=0.9152 | f1=0.9038 | bacc=0.9032 | specificity=0.9516 | kappa=0.8548 | gmean=0.9008 | mcc=0.8602 | time=3.8s
  per-class recall: AMD:0.9140 | DME:0.8172 | NORMAL:0.9785
  [EM-DDA] epoch 27/30 tgt_acc=0.9032 tgt_auc=0.9722 (adv=0.578 em=0.000) D_acc=1.000 | best=0.9194@ep16
  test acc=0.8656 | auc=0.9605 | recall=0.8656 | precision=0.8937 | f1=0.8669 | bacc=0.8656 | specificity=0.9328 | kappa=0.7984 | gmean=0.8599 | mcc=0.8113 | time=3.9s
  per-class recall: AMD:0.8602 | DME:0.7473 | NORMAL:0.9892
  [EM-DDA] epoch 28/30 tgt_acc=0.8656 tgt_auc=0.9605 (adv=0.633 em=0.173) D_acc=1.000 | best=0.9194@ep16
  test acc=0.8961 | auc=0.9704 | recall=0.8961 | precision=0.9073 | f1=0.8951 | bacc=0.8961 | specificity=0.9480 | kappa=0.8441 | gmean=0.8913 | mcc=0.8501 | time=3.9s
  per-class recall: AMD:0.9516 | DME:0.7688 | NORMAL:0.9677
  [EM-DDA] epoch 29/30 tgt_acc=0.8961 tgt_auc=0.9704 (adv=0.758 em=0.000) D_acc=1.000 | best=0.9194@ep16
  test acc=0.8799 | auc=0.9623 | recall=0.8799 | precision=0.9000 | f1=0.8802 | bacc=0.8799 | specificity=0.9400 | kappa=0.8199 | gmean=0.8747 | mcc=0.8293 | time=3.9s
  per-class recall: AMD:0.9086 | DME:0.7527 | NORMAL:0.9785
  [EM-DDA] epoch 30/30 tgt_acc=0.8799 tgt_auc=0.9623 (adv=0.754 em=0.197) D_acc=1.000 | best=0.9194@ep16
  [EM-DDA] early-stop: best tgt acc=0.9194 at epoch 16
  test acc=0.9194 | auc=0.9769 | recall=0.9194 | precision=0.9247 | f1=0.9193 | bacc=0.9194 | specificity=0.9597 | kappa=0.8790 | gmean=0.9178 | mcc=0.8816 | time=3.9s
  per-class recall: AMD:0.9516 | DME:0.8441 | NORMAL:0.9624
  [EM-DDA] FINAL (best-epoch model): tgt_acc=0.9194 tgt_auc=0.9769
