  [CELL tgt] 75% 协议: train1068 + val600 = 1668 (约 75%)
task=BOE->CELL  classes=['AMD', 'DME', 'NORMAL']
  test acc=0.5143 | auc=0.6906 | recall=0.5143 | precision=0.5141 | f1=0.5126 | bacc=0.5143 | specificity=0.7572 | kappa=0.2715 | gmean=0.5106 | mcc=0.2724 | time=3.4s
  per-class recall: AMD:0.5860 | DME:0.4355 | NORMAL:0.5215
  [CAN] epoch 1/20 tgt_acc=0.5143 tgt_auc=0.6906
  test acc=0.6111 | auc=0.7976 | recall=0.6111 | precision=0.6157 | f1=0.6120 | bacc=0.6111 | specificity=0.8056 | kappa=0.4167 | gmean=0.6110 | mcc=0.4177 | time=3.3s
  per-class recall: AMD:0.6075 | DME:0.6290 | NORMAL:0.5968
  [CAN] epoch 2/20 tgt_acc=0.6111 tgt_auc=0.7976
  test acc=0.6738 | auc=0.8249 | recall=0.6738 | precision=0.6816 | f1=0.6747 | bacc=0.6738 | specificity=0.8369 | kappa=0.5108 | gmean=0.6728 | mcc=0.5131 | time=3.3s
  per-class recall: AMD:0.6559 | DME:0.7258 | NORMAL:0.6398
  [CAN] epoch 3/20 tgt_acc=0.6738 tgt_auc=0.8249
  test acc=0.7043 | auc=0.8599 | recall=0.7043 | precision=0.7050 | f1=0.7035 | bacc=0.7043 | specificity=0.8522 | kappa=0.5565 | gmean=0.7014 | mcc=0.5574 | time=3.3s
  per-class recall: AMD:0.7849 | DME:0.6989 | NORMAL:0.6290
  [CAN] epoch 4/20 tgt_acc=0.7043 tgt_auc=0.8599
  test acc=0.7079 | auc=0.8576 | recall=0.7079 | precision=0.7068 | f1=0.7067 | bacc=0.7079 | specificity=0.8539 | kappa=0.5618 | gmean=0.7051 | mcc=0.5624 | time=3.3s
  per-class recall: AMD:0.7957 | DME:0.6452 | NORMAL:0.6828
  [CAN] epoch 5/20 tgt_acc=0.7079 tgt_auc=0.8576
  test acc=0.7240 | auc=0.8678 | recall=0.7240 | precision=0.7354 | f1=0.7249 | bacc=0.7240 | specificity=0.8620 | kappa=0.5860 | gmean=0.7214 | mcc=0.5904 | time=3.3s
  per-class recall: AMD:0.7312 | DME:0.7957 | NORMAL:0.6452
  [CAN] epoch 6/20 tgt_acc=0.7240 tgt_auc=0.8678
  test acc=0.7186 | auc=0.8593 | recall=0.7186 | precision=0.7279 | f1=0.7196 | bacc=0.7186 | specificity=0.8593 | kappa=0.5780 | gmean=0.7171 | mcc=0.5809 | time=3.3s
  per-class recall: AMD:0.6989 | DME:0.7849 | NORMAL:0.6720
  [CAN] epoch 7/20 tgt_acc=0.7186 tgt_auc=0.8593
  test acc=0.7204 | auc=0.8598 | recall=0.7204 | precision=0.7270 | f1=0.7218 | bacc=0.7204 | specificity=0.8602 | kappa=0.5806 | gmean=0.7202 | mcc=0.5820 | time=3.3s
  per-class recall: AMD:0.7151 | DME:0.7473 | NORMAL:0.6989
  [CAN] epoch 8/20 tgt_acc=0.7204 tgt_auc=0.8598
  test acc=0.7240 | auc=0.8595 | recall=0.7240 | precision=0.7287 | f1=0.7253 | bacc=0.7240 | specificity=0.8620 | kappa=0.5860 | gmean=0.7230 | mcc=0.5868 | time=3.3s
  per-class recall: AMD:0.7581 | DME:0.7419 | NORMAL:0.6720
  [CAN] epoch 9/20 tgt_acc=0.7240 tgt_auc=0.8595
  test acc=0.7168 | auc=0.8547 | recall=0.7168 | precision=0.7217 | f1=0.7183 | bacc=0.7168 | specificity=0.8584 | kappa=0.5753 | gmean=0.7166 | mcc=0.5760 | time=3.3s
  per-class recall: AMD:0.7419 | DME:0.7043 | NORMAL:0.7043
  [CAN] epoch 10/20 tgt_acc=0.7168 tgt_auc=0.8547
  test acc=0.7133 | auc=0.8594 | recall=0.7133 | precision=0.7165 | f1=0.7137 | bacc=0.7133 | specificity=0.8566 | kappa=0.5699 | gmean=0.7121 | mcc=0.5708 | time=3.3s
  per-class recall: AMD:0.7366 | DME:0.7473 | NORMAL:0.6559
  [CAN] epoch 11/20 tgt_acc=0.7133 tgt_auc=0.8594
  test acc=0.6918 | auc=0.8455 | recall=0.6918 | precision=0.6992 | f1=0.6931 | bacc=0.6918 | specificity=0.8459 | kappa=0.5376 | gmean=0.6915 | mcc=0.5395 | time=3.3s
  per-class recall: AMD:0.6774 | DME:0.6774 | NORMAL:0.7204
  [CAN] epoch 12/20 tgt_acc=0.6918 tgt_auc=0.8455
  test acc=0.7133 | auc=0.8506 | recall=0.7133 | precision=0.7215 | f1=0.7148 | bacc=0.7133 | specificity=0.8566 | kappa=0.5699 | gmean=0.7130 | mcc=0.5717 | time=3.3s
  per-class recall: AMD:0.6989 | DME:0.7419 | NORMAL:0.6989
  [CAN] epoch 13/20 tgt_acc=0.7133 tgt_auc=0.8506
  test acc=0.7007 | auc=0.8461 | recall=0.7007 | precision=0.7052 | f1=0.7014 | bacc=0.7007 | specificity=0.8504 | kappa=0.5511 | gmean=0.6996 | mcc=0.5524 | time=3.3s
  per-class recall: AMD:0.7204 | DME:0.7366 | NORMAL:0.6452
  [CAN] epoch 14/20 tgt_acc=0.7007 tgt_auc=0.8461
  test acc=0.6774 | auc=0.8349 | recall=0.6774 | precision=0.6904 | f1=0.6787 | bacc=0.6774 | specificity=0.8387 | kappa=0.5161 | gmean=0.6760 | mcc=0.5196 | time=3.3s
  per-class recall: AMD:0.6290 | DME:0.7366 | NORMAL:0.6667
  [CAN] epoch 15/20 tgt_acc=0.6774 tgt_auc=0.8349
  test acc=0.7061 | auc=0.8454 | recall=0.7061 | precision=0.7046 | f1=0.7048 | bacc=0.7061 | specificity=0.8530 | kappa=0.5591 | gmean=0.7028 | mcc=0.5596 | time=3.3s
  per-class recall: AMD:0.7903 | DME:0.7043 | NORMAL:0.6237
  [CAN] epoch 16/20 tgt_acc=0.7061 tgt_auc=0.8454
  test acc=0.6989 | auc=0.8347 | recall=0.6989 | precision=0.7037 | f1=0.7001 | bacc=0.6989 | specificity=0.8495 | kappa=0.5484 | gmean=0.6982 | mcc=0.5493 | time=3.3s
  per-class recall: AMD:0.7258 | DME:0.7151 | NORMAL:0.6559
  [CAN] epoch 17/20 tgt_acc=0.6989 tgt_auc=0.8347
  test acc=0.6864 | auc=0.8270 | recall=0.6864 | precision=0.6911 | f1=0.6877 | bacc=0.6864 | specificity=0.8432 | kappa=0.5296 | gmean=0.6856 | mcc=0.5304 | time=3.3s
  per-class recall: AMD:0.7151 | DME:0.7043 | NORMAL:0.6398
  [CAN] epoch 18/20 tgt_acc=0.6864 tgt_auc=0.8270
  test acc=0.6935 | auc=0.8308 | recall=0.6935 | precision=0.6964 | f1=0.6945 | bacc=0.6935 | specificity=0.8468 | kappa=0.5403 | gmean=0.6930 | mcc=0.5406 | time=3.3s
  per-class recall: AMD:0.7312 | DME:0.6774 | NORMAL:0.6720
  [CAN] epoch 19/20 tgt_acc=0.6935 tgt_auc=0.8308
  test acc=0.6828 | auc=0.8306 | recall=0.6828 | precision=0.6906 | f1=0.6837 | bacc=0.6828 | specificity=0.8414 | kappa=0.5242 | gmean=0.6799 | mcc=0.5267 | time=3.3s
  per-class recall: AMD:0.7204 | DME:0.7312 | NORMAL:0.5968
  [CAN] epoch 20/20 tgt_acc=0.6828 tgt_auc=0.8306
