  [CELL tgt] 75% 协议: train1068 + val600 = 1668 (约 75%)
task=TMI->CELL  classes=['AMD', 'DME', 'NORMAL']
  test acc=0.5824 | auc=0.8163 | recall=0.5824 | precision=0.6449 | f1=0.5403 | bacc=0.5824 | specificity=0.7912 | kappa=0.3737 | gmean=0.4859 | mcc=0.4129 | time=3.4s
  per-class recall: AMD:0.8817 | DME:0.1935 | NORMAL:0.6720
  [CAN] epoch 1/20 tgt_acc=0.5824 tgt_auc=0.8163
  test acc=0.7133 | auc=0.8718 | recall=0.7133 | precision=0.7255 | f1=0.7026 | bacc=0.7133 | specificity=0.8566 | kappa=0.5699 | gmean=0.6909 | mcc=0.5814 | time=3.3s
  per-class recall: AMD:0.8065 | DME:0.4785 | NORMAL:0.8548
  [CAN] epoch 2/20 tgt_acc=0.7133 tgt_auc=0.8718
  test acc=0.7186 | auc=0.9006 | recall=0.7186 | precision=0.7514 | f1=0.7071 | bacc=0.7186 | specificity=0.8593 | kappa=0.5780 | gmean=0.6925 | mcc=0.5956 | time=3.3s
  per-class recall: AMD:0.8925 | DME:0.4677 | NORMAL:0.7957
  [CAN] epoch 3/20 tgt_acc=0.7186 tgt_auc=0.9006
  test acc=0.7527 | auc=0.9187 | recall=0.7527 | precision=0.7821 | f1=0.7444 | bacc=0.7527 | specificity=0.8763 | kappa=0.6290 | gmean=0.7330 | mcc=0.6446 | time=3.3s
  per-class recall: AMD:0.9086 | DME:0.5269 | NORMAL:0.8226
  [CAN] epoch 4/20 tgt_acc=0.7527 tgt_auc=0.9187
  test acc=0.7616 | auc=0.9228 | recall=0.7616 | precision=0.7889 | f1=0.7523 | bacc=0.7616 | specificity=0.8808 | kappa=0.6425 | gmean=0.7400 | mcc=0.6579 | time=3.3s
  per-class recall: AMD:0.8978 | DME:0.5215 | NORMAL:0.8656
  [CAN] epoch 5/20 tgt_acc=0.7616 tgt_auc=0.9228
  test acc=0.8100 | auc=0.9293 | recall=0.8100 | precision=0.8196 | f1=0.8076 | bacc=0.8100 | specificity=0.9050 | kappa=0.7151 | gmean=0.8031 | mcc=0.7213 | time=3.3s
  per-class recall: AMD:0.8602 | DME:0.6667 | NORMAL:0.9032
  [CAN] epoch 6/20 tgt_acc=0.8100 tgt_auc=0.9293
  test acc=0.7724 | auc=0.9252 | recall=0.7724 | precision=0.7964 | f1=0.7648 | bacc=0.7724 | specificity=0.8862 | kappa=0.6586 | gmean=0.7542 | mcc=0.6724 | time=3.3s
  per-class recall: AMD:0.8871 | DME:0.5484 | NORMAL:0.8817
  [CAN] epoch 7/20 tgt_acc=0.7724 tgt_auc=0.9252
  test acc=0.7849 | auc=0.9296 | recall=0.7849 | precision=0.8142 | f1=0.7772 | bacc=0.7849 | specificity=0.8925 | kappa=0.6774 | gmean=0.7646 | mcc=0.6944 | time=3.3s
  per-class recall: AMD:0.8763 | DME:0.5484 | NORMAL:0.9301
  [CAN] epoch 8/20 tgt_acc=0.7849 tgt_auc=0.9296
  test acc=0.7814 | auc=0.9232 | recall=0.7814 | precision=0.7990 | f1=0.7743 | bacc=0.7814 | specificity=0.8907 | kappa=0.6720 | gmean=0.7654 | mcc=0.6835 | time=3.3s
  per-class recall: AMD:0.9355 | DME:0.5753 | NORMAL:0.8333
  [CAN] epoch 9/20 tgt_acc=0.7814 tgt_auc=0.9232
  test acc=0.7939 | auc=0.9332 | recall=0.7939 | precision=0.8266 | f1=0.7859 | bacc=0.7939 | specificity=0.8970 | kappa=0.6909 | gmean=0.7732 | mcc=0.7085 | time=3.3s
  per-class recall: AMD:0.8925 | DME:0.5538 | NORMAL:0.9355
  [CAN] epoch 10/20 tgt_acc=0.7939 tgt_auc=0.9332
  test acc=0.8065 | auc=0.9383 | recall=0.8065 | precision=0.8226 | f1=0.8015 | bacc=0.8065 | specificity=0.9032 | kappa=0.7097 | gmean=0.7943 | mcc=0.7194 | time=3.3s
  per-class recall: AMD:0.9194 | DME:0.6183 | NORMAL:0.8817
  [CAN] epoch 11/20 tgt_acc=0.8065 tgt_auc=0.9383
  test acc=0.7975 | auc=0.9447 | recall=0.7975 | precision=0.8189 | f1=0.7894 | bacc=0.7975 | specificity=0.8987 | kappa=0.6962 | gmean=0.7792 | mcc=0.7097 | time=3.3s
  per-class recall: AMD:0.9301 | DME:0.5699 | NORMAL:0.8925
  [CAN] epoch 12/20 tgt_acc=0.7975 tgt_auc=0.9447
  test acc=0.8172 | auc=0.9428 | recall=0.8172 | precision=0.8330 | f1=0.8117 | bacc=0.8172 | specificity=0.9086 | kappa=0.7258 | gmean=0.8039 | mcc=0.7362 | time=3.3s
  per-class recall: AMD:0.9194 | DME:0.6183 | NORMAL:0.9140
  [CAN] epoch 13/20 tgt_acc=0.8172 tgt_auc=0.9428
  test acc=0.8190 | auc=0.9442 | recall=0.8190 | precision=0.8342 | f1=0.8138 | bacc=0.8190 | specificity=0.9095 | kappa=0.7285 | gmean=0.8068 | mcc=0.7382 | time=3.3s
  per-class recall: AMD:0.9355 | DME:0.6290 | NORMAL:0.8925
  [CAN] epoch 14/20 tgt_acc=0.8190 tgt_auc=0.9442
  test acc=0.8226 | auc=0.9440 | recall=0.8226 | precision=0.8439 | f1=0.8182 | bacc=0.8226 | specificity=0.9113 | kappa=0.7339 | gmean=0.8091 | mcc=0.7467 | time=3.3s
  per-class recall: AMD:0.8925 | DME:0.6237 | NORMAL:0.9516
  [CAN] epoch 15/20 tgt_acc=0.8226 tgt_auc=0.9440
  test acc=0.8047 | auc=0.9400 | recall=0.8047 | precision=0.8243 | f1=0.7987 | bacc=0.8047 | specificity=0.9023 | kappa=0.7070 | gmean=0.7898 | mcc=0.7189 | time=3.3s
  per-class recall: AMD:0.9086 | DME:0.5968 | NORMAL:0.9086
  [CAN] epoch 16/20 tgt_acc=0.8047 tgt_auc=0.9400
  test acc=0.7921 | auc=0.9332 | recall=0.7921 | precision=0.8083 | f1=0.7865 | bacc=0.7921 | specificity=0.8961 | kappa=0.6882 | gmean=0.7787 | mcc=0.6983 | time=3.3s
  per-class recall: AMD:0.9086 | DME:0.5968 | NORMAL:0.8710
  [CAN] epoch 17/20 tgt_acc=0.7921 tgt_auc=0.9332
  test acc=0.8047 | auc=0.9340 | recall=0.8047 | precision=0.8153 | f1=0.8008 | bacc=0.8047 | specificity=0.9023 | kappa=0.7070 | gmean=0.7954 | mcc=0.7141 | time=3.3s
  per-class recall: AMD:0.9032 | DME:0.6398 | NORMAL:0.8710
  [CAN] epoch 18/20 tgt_acc=0.8047 tgt_auc=0.9340
  test acc=0.8047 | auc=0.9422 | recall=0.8047 | precision=0.8388 | f1=0.7973 | bacc=0.8047 | specificity=0.9023 | kappa=0.7070 | gmean=0.7834 | mcc=0.7259 | time=3.3s
  per-class recall: AMD:0.9086 | DME:0.5591 | NORMAL:0.9462
  [CAN] epoch 19/20 tgt_acc=0.8047 tgt_auc=0.9422
  test acc=0.8047 | auc=0.9385 | recall=0.8047 | precision=0.8227 | f1=0.8009 | bacc=0.8047 | specificity=0.9023 | kappa=0.7070 | gmean=0.7934 | mcc=0.7175 | time=3.3s
  per-class recall: AMD:0.8763 | DME:0.6237 | NORMAL:0.9140
  [CAN] epoch 20/20 tgt_acc=0.8047 tgt_auc=0.9385
